=== Running Network Logic Regression Tests ===

Test: Printer Disconnect Immediate Update
npx : FAIL: Printer 
should be online 
initially
At line:1 char:1
+ npx tsx src/utils/t
est_network_logic.ts 
> test_output.txt 
2>&1
+ ~~~~~~~~~~~~~~~~~~~
~~~~~~~~~~~~~~~~~~~~~
~~~~~~~~~~~~~~~~~~~~~
~
    + CategoryInfo   
           : NotSpe  
  cified: (FAIL: P   
 rinter should be    
 online initiall    
y:String) [], Re    
moteException
    + FullyQualified 
   ErrorId : Native  
  CommandError
 
C:\dev\pos-network-vi
sualizer\src\utils\te
st_network_logic.ts:2
9
        throw new 
Error(message);
              ^


Error: Printer 
should be online 
initially
    at assert (C:\dev
\pos-network-visualiz
er\src\utils\test_net
work_logic.ts:29:15)
    at testPrinterDis
connectImmediateUpdat
e (C:\dev\pos-network
-visualizer\src\utils
\test_network_logic.t
s:82:5)
    at 
runRegressionTests (C
:\dev\pos-network-vis
ualizer\src\utils\tes
t_network_logic.ts:38
:5)
    at <anonymous> (C
:\dev\pos-network-vis
ualizer\src\utils\tes
t_network_logic.ts:13
3:1)
    at ModuleJob.run 
(node:internal/module
s/esm/module_job:234:
25)
    at async 
ModuleLoader.import (
node:internal/modules
/esm/loader:473:24)
    at async asyncRun
EntryPointWithESMLoad
er (node:internal/mod
ules/run_main:123:5)

Node.js v20.18.0
